{
  "ExtraMembers": [],
  "MissingMembers": [
    "System.String[] GetFileSystemEntries(System.String, System.String, System.IO.SearchOption)"
  ]
}
